// Jest Snapshot v1, https://goo.gl/fbAQLP

exports[`Colors writes color grid correctly 1`] = `"X[x][30mX[x][39m[x][37mX[x][39m[x][90mX[x][39m[x][35mX[x][39m[x][31mX[x][39m[x][33mX[x][39m[x][32mX[x][39m[x][36mX[x][39m[x][34mX[x][39m[n][x][40mX[x][49m[x][30m[x][40mX[x][49m[x][39m[x][37m[x][40mX[x][49m[x][39m[x][90m[x][40mX[x][49m[x][39m[x][35m[x][40mX[x][49m[x][39m[x][31m[x][40mX[x][49m[x][39m[x][33m[x][40mX[x][49m[x][39m[x][32m[x][40mX[x][49m[x][39m[x][36m[x][40mX[x][49m[x][39m[x][34m[x][40mX[x][49m[x][39m[n][x][47mX[x][49m[x][30m[x][47mX[x][49m[x][39m[x][37m[x][47mX[x][49m[x][39m[x][90m[x][47mX[x][49m[x][39m[x][35m[x][47mX[x][49m[x][39m[x][31m[x][47mX[x][49m[x][39m[x][33m[x][47mX[x][49m[x][39m[x][32m[x][47mX[x][49m[x][39m[x][36m[x][47mX[x][49m[x][39m[x][34m[x][47mX[x][49m[x][39m[n][x][100mX[x][49m[x][30m[x][100mX[x][49m[x][39m[x][37m[x][100mX[x][49m[x][39m[x][90m[x][100mX[x][49m[x][39m[x][35m[x][100mX[x][49m[x][39m[x][31m[x][100mX[x][49m[x][39m[x][33m[x][100mX[x][49m[x][39m[x][32m[x][100mX[x][49m[x][39m[x][36m[x][100mX[x][49m[x][39m[x][34m[x][100mX[x][49m[x][39m[n][x][45mX[x][49m[x][30m[x][45mX[x][49m[x][39m[x][37m[x][45mX[x][49m[x][39m[x][90m[x][45mX[x][49m[x][39m[x][35m[x][45mX[x][49m[x][39m[x][31m[x][45mX[x][49m[x][39m[x][33m[x][45mX[x][49m[x][39m[x][32m[x][45mX[x][49m[x][39m[x][36m[x][45mX[x][49m[x][39m[x][34m[x][45mX[x][49m[x][39m[n][x][41mX[x][49m[x][30m[x][41mX[x][49m[x][39m[x][37m[x][41mX[x][49m[x][39m[x][90m[x][41mX[x][49m[x][39m[x][35m[x][41mX[x][49m[x][39m[x][31m[x][41mX[x][49m[x][39m[x][33m[x][41mX[x][49m[x][39m[x][32m[x][41mX[x][49m[x][39m[x][36m[x][41mX[x][49m[x][39m[x][34m[x][41mX[x][49m[x][39m[n][x][43mX[x][49m[x][30m[x][43mX[x][49m[x][39m[x][37m[x][43mX[x][49m[x][39m[x][90m[x][43mX[x][49m[x][39m[x][35m[x][43mX[x][49m[x][39m[x][31m[x][43mX[x][49m[x][39m[x][33m[x][43mX[x][49m[x][39m[x][32m[x][43mX[x][49m[x][39m[x][36m[x][43mX[x][49m[x][39m[x][34m[x][43mX[x][49m[x][39m[n][x][42mX[x][49m[x][30m[x][42mX[x][49m[x][39m[x][37m[x][42mX[x][49m[x][39m[x][90m[x][42mX[x][49m[x][39m[x][35m[x][42mX[x][49m[x][39m[x][31m[x][42mX[x][49m[x][39m[x][33m[x][42mX[x][49m[x][39m[x][32m[x][42mX[x][49m[x][39m[x][36m[x][42mX[x][49m[x][39m[x][34m[x][42mX[x][49m[x][39m[n][x][46mX[x][49m[x][30m[x][46mX[x][49m[x][39m[x][37m[x][46mX[x][49m[x][39m[x][90m[x][46mX[x][49m[x][39m[x][35m[x][46mX[x][49m[x][39m[x][31m[x][46mX[x][49m[x][39m[x][33m[x][46mX[x][49m[x][39m[x][32m[x][46mX[x][49m[x][39m[x][36m[x][46mX[x][49m[x][39m[x][34m[x][46mX[x][49m[x][39m[n][x][44mX[x][49m[x][30m[x][44mX[x][49m[x][39m[x][37m[x][44mX[x][49m[x][39m[x][90m[x][44mX[x][49m[x][39m[x][35m[x][44mX[x][49m[x][39m[x][31m[x][44mX[x][49m[x][39m[x][33m[x][44mX[x][49m[x][39m[x][32m[x][44mX[x][49m[x][39m[x][36m[x][44mX[x][49m[x][39m[x][34m[x][44mX[x][49m[x][39m[n]"`;
